---
source: src/app/tabs_ui.rs
assertion_line: 104
expression: rendered
---
   Dotfiles   â”‚   Workflow
