---
source: src/app/workflow_ui.rs
assertion_line: 146
expression: rendered
---
┌Menu──────────────────────────────────────────────────────────────────────────────────────────────────────────────────┐
│> Run Tools                                                                                                           │
│                                                                                                                      │
└──────────────────────────────────────────────────────────────────────────────────────────────────────────────────────┘
┌Log───────────────────────────────────────────────────────────────────────────────────────────────────────────────────┐
│                                                                                                                      │
│                                                                                                                      │
│                                                                                                                      │
│                                                                                                                      │
│                                                                                                                      │
│                                                                                                                      │
│                                                                                                                      │
│                                                                                                                      │
│                                                                                                                      │
│                                                                                                                      │
│                                                                                                                      │
│                                                                                                                      │
│                                                                                                                      │
│                                                                                                                      │
│                                                                                                                      │
│                                                                                                                      │
│                                                                                                                      │
│                                                                                                                      │
│                                                                                                                      │
│                                                                                                                      │
│                                                                                                                      │
│                                                                                                                      │
│                                                                                                                      │
│                                                                                                                      │
│                                                                                                                      │
│                                                                                                                      │
│                                                                                                                      │
│                                                                                                                      │
│                                                                                                                      │
└──────────────────────────────────────────────────────────────────────────────────────────────────────────────────────┘
