---
source: src/app/dotfiles_ui.rs
assertion_line: 415
expression: rendered
---
┌Preferences───────────────────────┐┌Tool Details──────────────────────────────────────────────────────────────────────┐
│Tools Settings                    ││Tool: Zsh                                                                         │
│  Brew (brew)                     ││ID: zsh                                                                           │
│  Gcloud (gcloud)                 ││Path: /Users/tomoyuki.sugiyama/Work/GitHub/misc/dotfiles/tests/assets/dotfiles/zsh│
│  Helm (helm)                     ││Order: Stage 3                                                                    │
│  Krew (krew)                     ││                                                                                  │
│  Rust (rust)                     ││┌Dependency Map (* current tool)─────────────────────────────────────────────────┐│
│> Zsh (zsh)                       │││- Brew (brew)                                                                   ││
│                                  │││|-- - Gcloud (gcloud)                                                           ││
│                                  │││|   `-- * Zsh (zsh)                                                             ││
│                                  │││|-- - Helm (helm)                                                               ││
│                                  │││|   `-- * Zsh (zsh) (repeat)                                                    ││
│                                  │││|-- - Krew (krew)                                                               ││
│                                  │││|   `-- * Zsh (zsh) (repeat)                                                    ││
│                                  │││`-- - Rust (rust)                                                               ││
│                                  │││    `-- * Zsh (zsh) (repeat)                                                    ││
│                                  ││└────────────────────────────────────────────────────────────────────────────────┘│
│                                  ││┌Script──────────────────────────────────────────────────────────────────────────┐│
│                                  │││  #!/usr/bin/env zsh                                                            ││
│                                  │││  echo "zsh script"                                                             ││
│                                  │││                                                                                ││
│                                  │││                                                                                ││
│                                  │││                                                                                ││
│                                  │││                                                                                ││
│                                  │││                                                                                ││
│                                  │││                                                                                ││
│                                  │││                                                                                ││
│                                  │││                                                                                ││
│                                  │││                                                                                ││
│                                  │││                                                                                ││
│                                  │││                                                                                ││
│                                  │││                                                                                ││
│                                  │││                                                                                ││
│                                  ││└────────────────────────────────────────────────────────────────────────────────┘│
└──────────────────────────────────┘└──────────────────────────────────────────────────────────────────────────────────┘
