---
source: src/app/app_ui.rs
assertion_line: 128
expression: rendered
---
   Dotfiles   │   Workflow                                                                    Dotfiles Manager          
                                                                                                                        
┌Preferences───────────────────────┐┌Tool Details──────────────────────────────────────────────────────────────────────┐
│Tools Settings                    ││Tool: Brew                                                                        │
│> Brew (brew)                     ││ID: brew                                                                          │
│  Gcloud (gcloud)                 ││Path: /Users/tomoyuki.sugiyama/Work/GitHub/misc/dotfiles/tests/assets/dotfiles/bre│
│  Helm (helm)                     ││Order: Stage 1                                                                    │
│  Krew (krew)                     ││                                                                                  │
│  Rust (rust)                     ││┌Dependency Map (* current tool)─────────────────────────────────────────────────┐│
│  Zsh (zsh)                       │││* Brew (brew)                                                                   ││
│                                  │││|-- - Gcloud (gcloud)                                                           ││
│                                  │││|   `-- - Zsh (zsh)                                                             ││
│                                  │││|-- - Helm (helm)                                                               ││
│                                  │││|   `-- - Zsh (zsh) (repeat)                                                    ││
│                                  │││|-- - Krew (krew)                                                               ││
│                                  │││|   `-- - Zsh (zsh) (repeat)                                                    ││
│                                  │││`-- - Rust (rust)                                                               ││
│                                  │││    `-- - Zsh (zsh) (repeat)                                                    ││
│                                  ││└────────────────────────────────────────────────────────────────────────────────┘│
│                                  ││┌Script──────────────────────────────────────────────────────────────────────────┐│
│                                  │││  #!/usr/bin/env zsh                                                            ││
│                                  │││  echo "brew script"                                                            ││
│                                  │││                                                                                ││
│                                  │││                                                                                ││
│                                  │││                                                                                ││
│                                  │││                                                                                ││
│                                  │││                                                                                ││
│                                  │││                                                                                ││
│                                  │││                                                                                ││
│                                  │││                                                                                ││
│                                  │││                                                                                ││
│                                  │││                                                                                ││
│                                  │││                                                                                ││
│                                  │││                                                                                ││
│                                  │││                                                                                ││
│                                  │││                                                                                ││
│                                  ││└────────────────────────────────────────────────────────────────────────────────┘│
└──────────────────────────────────┘└──────────────────────────────────────────────────────────────────────────────────┘
Use ←/→ to switch tabs, ↓/↑ to move, Tab to change pane, Enter to run, R to reload config, Home/End to jump, q/Esc to qu
